Traceback (most recent call last):
  File "C:\Users\LENOVO\.pyenv\pyenv-win\versions\3.12.10\Lib\site-packages\jupyter_cache\executors\utils.py", line 58, in single_nb_execution
    executenb(
  File "C:\Users\LENOVO\.pyenv\pyenv-win\versions\3.12.10\Lib\site-packages\nbclient\client.py", line 1323, in execute
    return NotebookClient(nb=nb, resources=resources, km=km, **kwargs).execute()
           ^^^^^^^^^^^^^^^^^^^^^^^^^^^^^^^^^^^^^^^^^^^^^^^^^^^^^^^^^^^^^^^^^^^^^
  File "C:\Users\LENOVO\.pyenv\pyenv-win\versions\3.12.10\Lib\site-packages\jupyter_core\utils\__init__.py", line 165, in wrapped
    return loop.run_until_complete(inner)
           ^^^^^^^^^^^^^^^^^^^^^^^^^^^^^^
  File "C:\Users\LENOVO\.pyenv\pyenv-win\versions\3.12.10\Lib\asyncio\base_events.py", line 691, in run_until_complete
    return future.result()
           ^^^^^^^^^^^^^^^
  File "C:\Users\LENOVO\.pyenv\pyenv-win\versions\3.12.10\Lib\site-packages\nbclient\client.py", line 709, in async_execute
    await self.async_execute_cell(
  File "C:\Users\LENOVO\.pyenv\pyenv-win\versions\3.12.10\Lib\site-packages\nbclient\client.py", line 1062, in async_execute_cell
    await self._check_raise_for_error(cell, cell_index, exec_reply)
  File "C:\Users\LENOVO\.pyenv\pyenv-win\versions\3.12.10\Lib\site-packages\nbclient\client.py", line 918, in _check_raise_for_error
    raise CellExecutionError.from_cell_and_msg(cell, exec_reply_content)
nbclient.exceptions.CellExecutionError: An error occurred while executing the following cell:
------------------
connection = openeo.connect("openeo.dataspace.copernicus.eu").authenticate_oidc()
------------------


[31m---------------------------------------------------------------------------[39m
[31mTimeoutError[39m                              Traceback (most recent call last)
[36mFile [39m[32m~\.pyenv\pyenv-win\versions\3.12.10\Lib\site-packages\urllib3\connectionpool.py:464[39m, in [36mHTTPConnectionPool._make_request[39m[34m(self, conn, method, url, body, headers, retries, timeout, chunked, response_conn, preload_content, decode_content, enforce_content_length)[39m
[32m    463[39m [38;5;28;01mtry[39;00m:
[32m--> [39m[32m464[39m     [38;5;28;43mself[39;49m[43m.[49m[43m_validate_conn[49m[43m([49m[43mconn[49m[43m)[49m
[32m    465[39m [38;5;28;01mexcept[39;00m (SocketTimeout, BaseSSLError) [38;5;28;01mas[39;00m e:

[36mFile [39m[32m~\.pyenv\pyenv-win\versions\3.12.10\Lib\site-packages\urllib3\connectionpool.py:1093[39m, in [36mHTTPSConnectionPool._validate_conn[39m[34m(self, conn)[39m
[32m   1092[39m [38;5;28;01mif[39;00m conn.is_closed:
[32m-> [39m[32m1093[39m     [43mconn[49m[43m.[49m[43mconnect[49m[43m([49m[43m)[49m
[32m   1095[39m [38;5;66;03m# TODO revise this, see https://github.com/urllib3/urllib3/issues/2791[39;00m

[36mFile [39m[32m~\.pyenv\pyenv-win\versions\3.12.10\Lib\site-packages\urllib3\connection.py:796[39m, in [36mHTTPSConnection.connect[39m[34m(self)[39m
[32m    794[39m server_hostname_rm_dot = server_hostname.rstrip([33m"[39m[33m.[39m[33m"[39m)
[32m--> [39m[32m796[39m sock_and_verified = [43m_ssl_wrap_socket_and_match_hostname[49m[43m([49m
[32m    797[39m [43m    [49m[43msock[49m[43m=[49m[43msock[49m[43m,[49m
[32m    798[39m [43m    [49m[43mcert_reqs[49m[43m=[49m[38;5;28;43mself[39;49m[43m.[49m[43mcert_reqs[49m[43m,[49m
[32m    799[39m [43m    [49m[43mssl_version[49m[43m=[49m[38;5;28;43mself[39;49m[43m.[49m[43mssl_version[49m[43m,[49m
[32m    800[39m [43m    [49m[43mssl_minimum_version[49m[43m=[49m[38;5;28;43mself[39;49m[43m.[49m[43mssl_minimum_version[49m[43m,[49m
[32m    801[39m [43m    [49m[43mssl_maximum_version[49m[43m=[49m[38;5;28;43mself[39;49m[43m.[49m[43mssl_maximum_version[49m[43m,[49m
[32m    802[39m [43m    [49m[43mca_certs[49m[43m=[49m[38;5;28;43mself[39;49m[43m.[49m[43mca_certs[49m[43m,[49m
[32m    803[39m [43m    [49m[43mca_cert_dir[49m[43m=[49m[38;5;28;43mself[39;49m[43m.[49m[43mca_cert_dir[49m[43m,[49m
[32m    804[39m [43m    [49m[43mca_cert_data[49m[43m=[49m[38;5;28;43mself[39;49m[43m.[49m[43mca_cert_data[49m[43m,[49m
[32m    805[39m [43m    [49m[43mcert_file[49m[43m=[49m[38;5;28;43mself[39;49m[43m.[49m[43mcert_file[49m[43m,[49m
[32m    806[39m [43m    [49m[43mkey_file[49m[43m=[49m[38;5;28;43mself[39;49m[43m.[49m[43mkey_file[49m[43m,[49m
[32m    807[39m [43m    [49m[43mkey_password[49m[43m=[49m[38;5;28;43mself[39;49m[43m.[49m[43mkey_password[49m[43m,[49m
[32m    808[39m [43m    [49m[43mserver_hostname[49m[43m=[49m[43mserver_hostname_rm_dot[49m[43m,[49m
[32m    809[39m [43m    [49m[43mssl_context[49m[43m=[49m[38;5;28;43mself[39;49m[43m.[49m[43mssl_context[49m[43m,[49m
[32m    810[39m [43m    [49m[43mtls_in_tls[49m[43m=[49m[43mtls_in_tls[49m[43m,[49m
[32m    811[39m [43m    [49m[43massert_hostname[49m[43m=[49m[38;5;28;43mself[39;49m[43m.[49m[43massert_hostname[49m[43m,[49m
[32m    812[39m [43m    [49m[43massert_fingerprint[49m[43m=[49m[38;5;28;43mself[39;49m[43m.[49m[43massert_fingerprint[49m[43m,[49m
[32m    813[39m [43m[49m[43m)[49m
[32m    814[39m [38;5;28mself[39m.sock = sock_and_verified.socket

[36mFile [39m[32m~\.pyenv\pyenv-win\versions\3.12.10\Lib\site-packages\urllib3\connection.py:975[39m, in [36m_ssl_wrap_socket_and_match_hostname[39m[34m(sock, cert_reqs, ssl_version, ssl_minimum_version, ssl_maximum_version, cert_file, key_file, key_password, ca_certs, ca_cert_dir, ca_cert_data, assert_hostname, assert_fingerprint, server_hostname, ssl_context, tls_in_tls)[39m
[32m    973[39m         server_hostname = normalized
[32m--> [39m[32m975[39m ssl_sock = [43mssl_wrap_socket[49m[43m([49m
[32m    976[39m [43m    [49m[43msock[49m[43m=[49m[43msock[49m[43m,[49m
[32m    977[39m [43m    [49m[43mkeyfile[49m[43m=[49m[43mkey_file[49m[43m,[49m
[32m    978[39m [43m    [49m[43mcertfile[49m[43m=[49m[43mcert_file[49m[43m,[49m
[32m    979[39m [43m    [49m[43mkey_password[49m[43m=[49m[43mkey_password[49m[43m,[49m
[32m    980[39m [43m    [49m[43mca_certs[49m[43m=[49m[43mca_certs[49m[43m,[49m
[32m    981[39m [43m    [49m[43mca_cert_dir[49m[43m=[49m[43mca_cert_dir[49m[43m,[49m
[32m    982[39m [43m    [49m[43mca_cert_data[49m[43m=[49m[43mca_cert_data[49m[43m,[49m
[32m    983[39m [43m    [49m[43mserver_hostname[49m[43m=[49m[43mserver_hostname[49m[43m,[49m
[32m    984[39m [43m    [49m[43mssl_context[49m[43m=[49m[43mcontext[49m[43m,[49m
[32m    985[39m [43m    [49m[43mtls_in_tls[49m[43m=[49m[43mtls_in_tls[49m[43m,[49m
[32m    986[39m [43m[49m[43m)[49m
[32m    988[39m [38;5;28;01mtry[39;00m:

[36mFile [39m[32m~\.pyenv\pyenv-win\versions\3.12.10\Lib\site-packages\urllib3\util\ssl_.py:483[39m, in [36mssl_wrap_socket[39m[34m(sock, keyfile, certfile, cert_reqs, ca_certs, server_hostname, ssl_version, ciphers, ssl_context, ca_cert_dir, key_password, ca_cert_data, tls_in_tls)[39m
[32m    481[39m context.set_alpn_protocols(ALPN_PROTOCOLS)
[32m--> [39m[32m483[39m ssl_sock = [43m_ssl_wrap_socket_impl[49m[43m([49m[43msock[49m[43m,[49m[43m [49m[43mcontext[49m[43m,[49m[43m [49m[43mtls_in_tls[49m[43m,[49m[43m [49m[43mserver_hostname[49m[43m)[49m
[32m    484[39m [38;5;28;01mreturn[39;00m ssl_sock

[36mFile [39m[32m~\.pyenv\pyenv-win\versions\3.12.10\Lib\site-packages\urllib3\util\ssl_.py:527[39m, in [36m_ssl_wrap_socket_impl[39m[34m(sock, ssl_context, tls_in_tls, server_hostname)[39m
[32m    525[39m     [38;5;28;01mreturn[39;00m SSLTransport(sock, ssl_context, server_hostname)
[32m--> [39m[32m527[39m [38;5;28;01mreturn[39;00m [43mssl_context[49m[43m.[49m[43mwrap_socket[49m[43m([49m[43msock[49m[43m,[49m[43m [49m[43mserver_hostname[49m[43m=[49m[43mserver_hostname[49m[43m)[49m

[36mFile [39m[32m~\.pyenv\pyenv-win\versions\3.12.10\Lib\ssl.py:455[39m, in [36mSSLContext.wrap_socket[39m[34m(self, sock, server_side, do_handshake_on_connect, suppress_ragged_eofs, server_hostname, session)[39m
[32m    449[39m [38;5;28;01mdef[39;00m[38;5;250m [39m[34mwrap_socket[39m([38;5;28mself[39m, sock, server_side=[38;5;28;01mFalse[39;00m,
[32m    450[39m                 do_handshake_on_connect=[38;5;28;01mTrue[39;00m,
[32m    451[39m                 suppress_ragged_eofs=[38;5;28;01mTrue[39;00m,
[32m    452[39m                 server_hostname=[38;5;28;01mNone[39;00m, session=[38;5;28;01mNone[39;00m):
[32m    453[39m     [38;5;66;03m# SSLSocket class handles server_hostname encoding before it calls[39;00m
[32m    454[39m     [38;5;66;03m# ctx._wrap_socket()[39;00m
[32m--> [39m[32m455[39m     [38;5;28;01mreturn[39;00m [38;5;28;43mself[39;49m[43m.[49m[43msslsocket_class[49m[43m.[49m[43m_create[49m[43m([49m
[32m    456[39m [43m        [49m[43msock[49m[43m=[49m[43msock[49m[43m,[49m
[32m    457[39m [43m        [49m[43mserver_side[49m[43m=[49m[43mserver_side[49m[43m,[49m
[32m    458[39m [43m        [49m[43mdo_handshake_on_connect[49m[43m=[49m[43mdo_handshake_on_connect[49m[43m,[49m
[32m    459[39m [43m        [49m[43msuppress_ragged_eofs[49m[43m=[49m[43msuppress_ragged_eofs[49m[43m,[49m
[32m    460[39m [43m        [49m[43mserver_hostname[49m[43m=[49m[43mserver_hostname[49m[43m,[49m
[32m    461[39m [43m        [49m[43mcontext[49m[43m=[49m[38;5;28;43mself[39;49m[43m,[49m
[32m    462[39m [43m        [49m[43msession[49m[43m=[49m[43msession[49m
[32m    463[39m [43m    [49m[43m)[49m

[36mFile [39m[32m~\.pyenv\pyenv-win\versions\3.12.10\Lib\ssl.py:1041[39m, in [36mSSLSocket._create[39m[34m(cls, sock, server_side, do_handshake_on_connect, suppress_ragged_eofs, server_hostname, context, session)[39m
[32m   1040[39m                 [38;5;28;01mraise[39;00m [38;5;167;01mValueError[39;00m([33m"[39m[33mdo_handshake_on_connect should not be specified for non-blocking sockets[39m[33m"[39m)
[32m-> [39m[32m1041[39m             [38;5;28;43mself[39;49m[43m.[49m[43mdo_handshake[49m[43m([49m[43m)[49m
[32m   1042[39m [38;5;28;01mexcept[39;00m:

[36mFile [39m[32m~\.pyenv\pyenv-win\versions\3.12.10\Lib\ssl.py:1319[39m, in [36mSSLSocket.do_handshake[39m[34m(self, block)[39m
[32m   1318[39m         [38;5;28mself[39m.settimeout([38;5;28;01mNone[39;00m)
[32m-> [39m[32m1319[39m     [38;5;28;43mself[39;49m[43m.[49m[43m_sslobj[49m[43m.[49m[43mdo_handshake[49m[43m([49m[43m)[49m
[32m   1320[39m [38;5;28;01mfinally[39;00m:

[31mTimeoutError[39m: _ssl.c:993: The handshake operation timed out

The above exception was the direct cause of the following exception:

[31mReadTimeoutError[39m                          Traceback (most recent call last)
[36mFile [39m[32m~\.pyenv\pyenv-win\versions\3.12.10\Lib\site-packages\requests\adapters.py:644[39m, in [36mHTTPAdapter.send[39m[34m(self, request, stream, timeout, verify, cert, proxies)[39m
[32m    643[39m [38;5;28;01mtry[39;00m:
[32m--> [39m[32m644[39m     resp = [43mconn[49m[43m.[49m[43murlopen[49m[43m([49m
[32m    645[39m [43m        [49m[43mmethod[49m[43m=[49m[43mrequest[49m[43m.[49m[43mmethod[49m[43m,[49m
[32m    646[39m [43m        [49m[43murl[49m[43m=[49m[43murl[49m[43m,[49m
[32m    647[39m [43m        [49m[43mbody[49m[43m=[49m[43mrequest[49m[43m.[49m[43mbody[49m[43m,[49m
[32m    648[39m [43m        [49m[43mheaders[49m[43m=[49m[43mrequest[49m[43m.[49m[43mheaders[49m[43m,[49m
[32m    649[39m [43m        [49m[43mredirect[49m[43m=[49m[38;5;28;43;01mFalse[39;49;00m[43m,[49m
[32m    650[39m [43m        [49m[43massert_same_host[49m[43m=[49m[38;5;28;43;01mFalse[39;49;00m[43m,[49m
[32m    651[39m [43m        [49m[43mpreload_content[49m[43m=[49m[38;5;28;43;01mFalse[39;49;00m[43m,[49m
[32m    652[39m [43m        [49m[43mdecode_content[49m[43m=[49m[38;5;28;43;01mFalse[39;49;00m[43m,[49m
[32m    653[39m [43m        [49m[43mretries[49m[43m=[49m[38;5;28;43mself[39;49m[43m.[49m[43mmax_retries[49m[43m,[49m
[32m    654[39m [43m        [49m[43mtimeout[49m[43m=[49m[43mtimeout[49m[43m,[49m
[32m    655[39m [43m        [49m[43mchunked[49m[43m=[49m[43mchunked[49m[43m,[49m
[32m    656[39m [43m    [49m[43m)[49m
[32m    658[39m [38;5;28;01mexcept[39;00m (ProtocolError, [38;5;167;01mOSError[39;00m) [38;5;28;01mas[39;00m err:

[36mFile [39m[32m~\.pyenv\pyenv-win\versions\3.12.10\Lib\site-packages\urllib3\connectionpool.py:841[39m, in [36mHTTPConnectionPool.urlopen[39m[34m(self, method, url, body, headers, retries, redirect, assert_same_host, timeout, pool_timeout, release_conn, chunked, body_pos, preload_content, decode_content, **response_kw)[39m
[32m    839[39m     new_e = ProtocolError([33m"[39m[33mConnection aborted.[39m[33m"[39m, new_e)
[32m--> [39m[32m841[39m retries = [43mretries[49m[43m.[49m[43mincrement[49m[43m([49m
[32m    842[39m [43m    [49m[43mmethod[49m[43m,[49m[43m [49m[43murl[49m[43m,[49m[43m [49m[43merror[49m[43m=[49m[43mnew_e[49m[43m,[49m[43m [49m[43m_pool[49m[43m=[49m[38;5;28;43mself[39;49m[43m,[49m[43m [49m[43m_stacktrace[49m[43m=[49m[43msys[49m[43m.[49m[43mexc_info[49m[43m([49m[43m)[49m[43m[[49m[32;43m2[39;49m[43m][49m
[32m    843[39m [43m[49m[43m)[49m
[32m    844[39m retries.sleep()

[36mFile [39m[32m~\.pyenv\pyenv-win\versions\3.12.10\Lib\site-packages\urllib3\util\retry.py:490[39m, in [36mRetry.increment[39m[34m(self, method, url, response, error, _pool, _stacktrace)[39m
[32m    489[39m [38;5;28;01mif[39;00m read [38;5;129;01mis[39;00m [38;5;28;01mFalse[39;00m [38;5;129;01mor[39;00m method [38;5;129;01mis[39;00m [38;5;28;01mNone[39;00m [38;5;129;01mor[39;00m [38;5;129;01mnot[39;00m [38;5;28mself[39m._is_method_retryable(method):
[32m--> [39m[32m490[39m     [38;5;28;01mraise[39;00m [43mreraise[49m[43m([49m[38;5;28;43mtype[39;49m[43m([49m[43merror[49m[43m)[49m[43m,[49m[43m [49m[43merror[49m[43m,[49m[43m [49m[43m_stacktrace[49m[43m)[49m
[32m    491[39m [38;5;28;01melif[39;00m read [38;5;129;01mis[39;00m [38;5;129;01mnot[39;00m [38;5;28;01mNone[39;00m:

[36mFile [39m[32m~\.pyenv\pyenv-win\versions\3.12.10\Lib\site-packages\urllib3\util\util.py:39[39m, in [36mreraise[39m[34m(tp, value, tb)[39m
[32m     38[39m         [38;5;28;01mraise[39;00m value.with_traceback(tb)
[32m---> [39m[32m39[39m     [38;5;28;01mraise[39;00m value
[32m     40[39m [38;5;28;01mfinally[39;00m:

[36mFile [39m[32m~\.pyenv\pyenv-win\versions\3.12.10\Lib\site-packages\urllib3\connectionpool.py:787[39m, in [36mHTTPConnectionPool.urlopen[39m[34m(self, method, url, body, headers, retries, redirect, assert_same_host, timeout, pool_timeout, release_conn, chunked, body_pos, preload_content, decode_content, **response_kw)[39m
[32m    786[39m [38;5;66;03m# Make the request on the HTTPConnection object[39;00m
[32m--> [39m[32m787[39m response = [38;5;28;43mself[39;49m[43m.[49m[43m_make_request[49m[43m([49m
[32m    788[39m [43m    [49m[43mconn[49m[43m,[49m
[32m    789[39m [43m    [49m[43mmethod[49m[43m,[49m
[32m    790[39m [43m    [49m[43murl[49m[43m,[49m
[32m    791[39m [43m    [49m[43mtimeout[49m[43m=[49m[43mtimeout_obj[49m[43m,[49m
[32m    792[39m [43m    [49m[43mbody[49m[43m=[49m[43mbody[49m[43m,[49m
[32m    793[39m [43m    [49m[43mheaders[49m[43m=[49m[43mheaders[49m[43m,[49m
[32m    794[39m [43m    [49m[43mchunked[49m[43m=[49m[43mchunked[49m[43m,[49m
[32m    795[39m [43m    [49m[43mretries[49m[43m=[49m[43mretries[49m[43m,[49m
[32m    796[39m [43m    [49m[43mresponse_conn[49m[43m=[49m[43mresponse_conn[49m[43m,[49m
[32m    797[39m [43m    [49m[43mpreload_content[49m[43m=[49m[43mpreload_content[49m[43m,[49m
[32m    798[39m [43m    [49m[43mdecode_content[49m[43m=[49m[43mdecode_content[49m[43m,[49m
[32m    799[39m [43m    [49m[43m*[49m[43m*[49m[43mresponse_kw[49m[43m,[49m
[32m    800[39m [43m[49m[43m)[49m
[32m    802[39m [38;5;66;03m# Everything went great![39;00m

[36mFile [39m[32m~\.pyenv\pyenv-win\versions\3.12.10\Lib\site-packages\urllib3\connectionpool.py:488[39m, in [36mHTTPConnectionPool._make_request[39m[34m(self, conn, method, url, body, headers, retries, timeout, chunked, response_conn, preload_content, decode_content, enforce_content_length)[39m
[32m    487[39m         new_e = _wrap_proxy_error(new_e, conn.proxy.scheme)
[32m--> [39m[32m488[39m     [38;5;28;01mraise[39;00m new_e
[32m    490[39m [38;5;66;03m# conn.request() calls http.client.*.request, not the method in[39;00m
[32m    491[39m [38;5;66;03m# urllib3.request. It also calls makefile (recv) on the socket.[39;00m

[36mFile [39m[32m~\.pyenv\pyenv-win\versions\3.12.10\Lib\site-packages\urllib3\connectionpool.py:466[39m, in [36mHTTPConnectionPool._make_request[39m[34m(self, conn, method, url, body, headers, retries, timeout, chunked, response_conn, preload_content, decode_content, enforce_content_length)[39m
[32m    465[39m [38;5;28;01mexcept[39;00m (SocketTimeout, BaseSSLError) [38;5;28;01mas[39;00m e:
[32m--> [39m[32m466[39m     [38;5;28;43mself[39;49m[43m.[49m[43m_raise_timeout[49m[43m([49m[43merr[49m[43m=[49m[43me[49m[43m,[49m[43m [49m[43murl[49m[43m=[49m[43murl[49m[43m,[49m[43m [49m[43mtimeout_value[49m[43m=[49m[43mconn[49m[43m.[49m[43mtimeout[49m[43m)[49m
[32m    467[39m     [38;5;28;01mraise[39;00m

[36mFile [39m[32m~\.pyenv\pyenv-win\versions\3.12.10\Lib\site-packages\urllib3\connectionpool.py:367[39m, in [36mHTTPConnectionPool._raise_timeout[39m[34m(self, err, url, timeout_value)[39m
[32m    366[39m [38;5;28;01mif[39;00m [38;5;28misinstance[39m(err, SocketTimeout):
[32m--> [39m[32m367[39m     [38;5;28;01mraise[39;00m ReadTimeoutError(
[32m    368[39m         [38;5;28mself[39m, url, [33mf[39m[33m"[39m[33mRead timed out. (read timeout=[39m[38;5;132;01m{[39;00mtimeout_value[38;5;132;01m}[39;00m[33m)[39m[33m"[39m
[32m    369[39m     ) [38;5;28;01mfrom[39;00m[38;5;250m [39m[34;01merr[39;00m
[32m    371[39m [38;5;66;03m# See the above comment about EAGAIN in Python 3.[39;00m

[31mReadTimeoutError[39m: HTTPSConnectionPool(host='identity.dataspace.copernicus.eu', port=443): Read timed out. (read timeout=20)

During handling of the above exception, another exception occurred:

[31mReadTimeout[39m                               Traceback (most recent call last)
[36mFile [39m[32m~\.pyenv\pyenv-win\versions\3.12.10\Lib\site-packages\openeo\rest\auth\oidc.py:276[39m, in [36mOidcProviderInfo.__init__[39m[34m(self, issuer, discovery_url, scopes, provider_id, title, default_clients, requests_session, authorization_parameters)[39m
[32m    275[39m [38;5;28;01mtry[39;00m:
[32m--> [39m[32m276[39m     discovery_resp = [43mrequests_session[49m[43m.[49m[43mget[49m[43m([49m[38;5;28;43mself[39;49m[43m.[49m[43mdiscovery_url[49m[43m,[49m[43m [49m[43mtimeout[49m[43m=[49m[32;43m20[39;49m[43m)[49m
[32m    277[39m     discovery_resp.raise_for_status()

[36mFile [39m[32m~\.pyenv\pyenv-win\versions\3.12.10\Lib\site-packages\requests\sessions.py:602[39m, in [36mSession.get[39m[34m(self, url, **kwargs)[39m
[32m    601[39m kwargs.setdefault([33m"[39m[33mallow_redirects[39m[33m"[39m, [38;5;28;01mTrue[39;00m)
[32m--> [39m[32m602[39m [38;5;28;01mreturn[39;00m [38;5;28;43mself[39;49m[43m.[49m[43mrequest[49m[43m([49m[33;43m"[39;49m[33;43mGET[39;49m[33;43m"[39;49m[43m,[49m[43m [49m[43murl[49m[43m,[49m[43m [49m[43m*[49m[43m*[49m[43mkwargs[49m[43m)[49m

[36mFile [39m[32m~\.pyenv\pyenv-win\versions\3.12.10\Lib\site-packages\requests\sessions.py:589[39m, in [36mSession.request[39m[34m(self, method, url, params, data, headers, cookies, files, auth, timeout, allow_redirects, proxies, hooks, stream, verify, cert, json)[39m
[32m    588[39m send_kwargs.update(settings)
[32m--> [39m[32m589[39m resp = [38;5;28;43mself[39;49m[43m.[49m[43msend[49m[43m([49m[43mprep[49m[43m,[49m[43m [49m[43m*[49m[43m*[49m[43msend_kwargs[49m[43m)[49m
[32m    591[39m [38;5;28;01mreturn[39;00m resp

[36mFile [39m[32m~\.pyenv\pyenv-win\versions\3.12.10\Lib\site-packages\requests\sessions.py:703[39m, in [36mSession.send[39m[34m(self, request, **kwargs)[39m
[32m    702[39m [38;5;66;03m# Send the request[39;00m
[32m--> [39m[32m703[39m r = [43madapter[49m[43m.[49m[43msend[49m[43m([49m[43mrequest[49m[43m,[49m[43m [49m[43m*[49m[43m*[49m[43mkwargs[49m[43m)[49m
[32m    705[39m [38;5;66;03m# Total elapsed time of the request (approximately)[39;00m

[36mFile [39m[32m~\.pyenv\pyenv-win\versions\3.12.10\Lib\site-packages\requests\adapters.py:690[39m, in [36mHTTPAdapter.send[39m[34m(self, request, stream, timeout, verify, cert, proxies)[39m
[32m    689[39m [38;5;28;01melif[39;00m [38;5;28misinstance[39m(e, ReadTimeoutError):
[32m--> [39m[32m690[39m     [38;5;28;01mraise[39;00m ReadTimeout(e, request=request)
[32m    691[39m [38;5;28;01melif[39;00m [38;5;28misinstance[39m(e, _InvalidHeader):

[31mReadTimeout[39m: HTTPSConnectionPool(host='identity.dataspace.copernicus.eu', port=443): Read timed out. (read timeout=20)

The above exception was the direct cause of the following exception:

[31mOidcException[39m                             Traceback (most recent call last)
[36mCell[39m[36m [39m[32mIn[3][39m[32m, line 1[39m
[32m----> [39m[32m1[39m connection = [43mopeneo[49m[43m.[49m[43mconnect[49m[43m([49m[33;43m"[39;49m[33;43mopeneo.dataspace.copernicus.eu[39;49m[33;43m"[39;49m[43m)[49m[43m.[49m[43mauthenticate_oidc[49m[43m([49m[43m)[49m

[36mFile [39m[32m~\.pyenv\pyenv-win\versions\3.12.10\Lib\site-packages\openeo\rest\connection.py:654[39m, in [36mConnection.authenticate_oidc[39m[34m(self, provider_id, client_id, client_secret, store_refresh_token, use_pkce, display, max_poll_time)[39m
[32m    651[39m     [38;5;28;01mraise[39;00m [38;5;167;01mValueError[39;00m([33mf[39m[33m"[39m[33mUnhandled auth method [39m[38;5;132;01m{[39;00mauth_method[38;5;132;01m}[39;00m[33m"[39m)
[32m    653[39m _g = DefaultOidcClientGrant  [38;5;66;03m# alias for compactness[39;00m
[32m--> [39m[32m654[39m provider_id, client_info = [38;5;28;43mself[39;49m[43m.[49m[43m_get_oidc_provider_and_client_info[49m[43m([49m
[32m    655[39m [43m    [49m[43mprovider_id[49m[43m=[49m[43mprovider_id[49m[43m,[49m[43m [49m[43mclient_id[49m[43m=[49m[43mclient_id[49m[43m,[49m[43m [49m[43mclient_secret[49m[43m=[49m[43mclient_secret[49m[43m,[49m
[32m    656[39m [43m    [49m[43mdefault_client_grant_check[49m[43m=[49m[38;5;28;43;01mlambda[39;49;00m[43m [49m[43mgrants[49m[43m:[49m[43m [49m[43m([49m
[32m    657[39m [43m            [49m[43m_g[49m[43m.[49m[43mREFRESH_TOKEN[49m[43m [49m[38;5;129;43;01min[39;49;00m[43m [49m[43mgrants[49m[43m [49m[38;5;129;43;01mand[39;49;00m[43m [49m[43m([49m[43m_g[49m[43m.[49m[43mDEVICE_CODE[49m[43m [49m[38;5;129;43;01min[39;49;00m[43m [49m[43mgrants[49m[43m [49m[38;5;129;43;01mor[39;49;00m[43m [49m[43m_g[49m[43m.[49m[43mDEVICE_CODE_PKCE[49m[43m [49m[38;5;129;43;01min[39;49;00m[43m [49m[43mgrants[49m[43m)[49m
[32m    658[39m [43m    [49m[43m)[49m
[32m    659[39m [43m[49m[43m)[49m
[32m    661[39m [38;5;66;03m# Try refresh token first.[39;00m
[32m    662[39m refresh_token = [38;5;28mself[39m._get_refresh_token_store().get_refresh_token(
[32m    663[39m     issuer=client_info.provider.issuer,
[32m    664[39m     client_id=client_info.client_id
[32m    665[39m )

[36mFile [39m[32m~\.pyenv\pyenv-win\versions\3.12.10\Lib\site-packages\openeo\rest\connection.py:367[39m, in [36mConnection._get_oidc_provider_and_client_info[39m[34m(self, provider_id, client_id, client_secret, default_client_grant_check)[39m
[32m    352[39m [38;5;28;01mdef[39;00m[38;5;250m [39m[34m_get_oidc_provider_and_client_info[39m(
[32m    353[39m     [38;5;28mself[39m,
[32m    354[39m     provider_id: [38;5;28mstr[39m,
[32m   (...)[39m[32m    357[39m     default_client_grant_check: Union[[38;5;28;01mNone[39;00m, GrantsChecker] = [38;5;28;01mNone[39;00m,
[32m    358[39m ) -> Tuple[[38;5;28mstr[39m, OidcClientInfo]:
[32m    359[39m [38;5;250m    [39m[33;03m"""[39;00m
[32m    360[39m [33;03m    Resolve provider_id and client info (as given or from config)[39;00m
[32m    361[39m 
[32m   (...)[39m[32m    365[39m [33;03m    :return: OIDC provider id and client info[39;00m
[32m    366[39m [33;03m    """[39;00m
[32m--> [39m[32m367[39m     provider_id, provider = [38;5;28;43mself[39;49m[43m.[49m[43m_get_oidc_provider[49m[43m([49m[43mprovider_id[49m[43m)[49m
[32m    369[39m     [38;5;28;01mif[39;00m client_id [38;5;129;01mis[39;00m [38;5;28;01mNone[39;00m:
[32m    370[39m         _log.debug([33m"[39m[33mNo client_id: checking config for preferred client_id[39m[33m"[39m)

[36mFile [39m[32m~\.pyenv\pyenv-win\versions\3.12.10\Lib\site-packages\openeo\rest\connection.py:348[39m, in [36mConnection._get_oidc_provider[39m[34m(self, provider_id, parse_info)[39m
[32m    343[39m         provider_id, provider = providers.popitem(last=[38;5;28;01mFalse[39;00m)
[32m    344[39m         _log.info(
[32m    345[39m             [33mf[39m[33m"[39m[33mNo OIDC provider given. Using first provider [39m[38;5;132;01m{[39;00mprovider_id[38;5;132;01m!r}[39;00m[33m as advertised by backend.[39m[33m"[39m
[32m    346[39m         )
[32m--> [39m[32m348[39m provider_info = [43mOidcProviderInfo[49m[43m.[49m[43mfrom_dict[49m[43m([49m[43mprovider[49m[43m)[49m [38;5;28;01mif[39;00m parse_info [38;5;28;01melse[39;00m [38;5;28;01mNone[39;00m
[32m    350[39m [38;5;28;01mreturn[39;00m provider_id, provider_info

[36mFile [39m[32m~\.pyenv\pyenv-win\versions\3.12.10\Lib\site-packages\openeo\rest\auth\oidc.py:291[39m, in [36mOidcProviderInfo.from_dict[39m[34m(cls, data)[39m
[32m    289[39m [38;5;129m@classmethod[39m
[32m    290[39m [38;5;28;01mdef[39;00m[38;5;250m [39m[34mfrom_dict[39m([38;5;28mcls[39m, data: [38;5;28mdict[39m) -> OidcProviderInfo:
[32m--> [39m[32m291[39m     [38;5;28;01mreturn[39;00m [38;5;28;43mcls[39;49m[43m([49m
[32m    292[39m [43m        [49m[43mprovider_id[49m[43m=[49m[43mdata[49m[43m[[49m[33;43m"[39;49m[33;43mid[39;49m[33;43m"[39;49m[43m][49m[43m,[49m
[32m    293[39m [43m        [49m[43mtitle[49m[43m=[49m[43mdata[49m[43m[[49m[33;43m"[39;49m[33;43mtitle[39;49m[33;43m"[39;49m[43m][49m[43m,[49m
[32m    294[39m [43m        [49m[43missuer[49m[43m=[49m[43mdata[49m[43m[[49m[33;43m"[39;49m[33;43missuer[39;49m[33;43m"[39;49m[43m][49m[43m,[49m
[32m    295[39m [43m        [49m[43mscopes[49m[43m=[49m[43mdata[49m[43m.[49m[43mget[49m[43m([49m[33;43m"[39;49m[33;43mscopes[39;49m[33;43m"[39;49m[43m)[49m[43m,[49m
[32m    296[39m [43m        [49m[43mdefault_clients[49m[43m=[49m[43mdata[49m[43m.[49m[43mget[49m[43m([49m[33;43m"[39;49m[33;43mdefault_clients[39;49m[33;43m"[39;49m[43m)[49m[43m,[49m
[32m    297[39m [43m        [49m[43mauthorization_parameters[49m[43m=[49m[43mdata[49m[43m.[49m[43mget[49m[43m([49m[33;43m"[39;49m[33;43mauthorization_parameters[39;49m[33;43m"[39;49m[43m)[49m[43m,[49m
[32m    298[39m [43m    [49m[43m)[49m

[36mFile [39m[32m~\.pyenv\pyenv-win\versions\3.12.10\Lib\site-packages\openeo\rest\auth\oidc.py:280[39m, in [36mOidcProviderInfo.__init__[39m[34m(self, issuer, discovery_url, scopes, provider_id, title, default_clients, requests_session, authorization_parameters)[39m
[32m    278[39m     [38;5;28mself[39m.config = discovery_resp.json()
[32m    279[39m [38;5;28;01mexcept[39;00m [38;5;167;01mException[39;00m [38;5;28;01mas[39;00m e:
[32m--> [39m[32m280[39m     [38;5;28;01mraise[39;00m OidcException([33mf[39m[33m"[39m[33mFailed to obtain OIDC discovery document from [39m[38;5;132;01m{[39;00m[38;5;28mself[39m.discovery_url[38;5;132;01m!r}[39;00m[33m: [39m[38;5;132;01m{[39;00me[38;5;132;01m!r}[39;00m[33m"[39m) [38;5;28;01mfrom[39;00m[38;5;250m [39m[34;01me[39;00m
[32m    281[39m [38;5;28mself[39m.issuer = issuer [38;5;129;01mor[39;00m [38;5;28mself[39m.config[[33m"[39m[33missuer[39m[33m"[39m]
[32m    282[39m [38;5;66;03m# Minimal set of scopes to request[39;00m

[31mOidcException[39m: Failed to obtain OIDC discovery document from 'https://identity.dataspace.copernicus.eu/auth/realms/CDSE/.well-known/openid-configuration': ReadTimeout(ReadTimeoutError("HTTPSConnectionPool(host='identity.dataspace.copernicus.eu', port=443): Read timed out. (read timeout=20)"))

