Traceback (most recent call last):
  File "C:\Users\LENOVO\.pyenv\pyenv-win\versions\3.12.10\Lib\site-packages\jupyter_cache\executors\utils.py", line 58, in single_nb_execution
    executenb(
  File "C:\Users\LENOVO\.pyenv\pyenv-win\versions\3.12.10\Lib\site-packages\nbclient\client.py", line 1323, in execute
    return NotebookClient(nb=nb, resources=resources, km=km, **kwargs).execute()
           ^^^^^^^^^^^^^^^^^^^^^^^^^^^^^^^^^^^^^^^^^^^^^^^^^^^^^^^^^^^^^^^^^^^^^
  File "C:\Users\LENOVO\.pyenv\pyenv-win\versions\3.12.10\Lib\site-packages\jupyter_core\utils\__init__.py", line 165, in wrapped
    return loop.run_until_complete(inner)
           ^^^^^^^^^^^^^^^^^^^^^^^^^^^^^^
  File "C:\Users\LENOVO\.pyenv\pyenv-win\versions\3.12.10\Lib\asyncio\base_events.py", line 691, in run_until_complete
    return future.result()
           ^^^^^^^^^^^^^^^
  File "C:\Users\LENOVO\.pyenv\pyenv-win\versions\3.12.10\Lib\site-packages\nbclient\client.py", line 709, in async_execute
    await self.async_execute_cell(
  File "C:\Users\LENOVO\.pyenv\pyenv-win\versions\3.12.10\Lib\site-packages\nbclient\client.py", line 1062, in async_execute_cell
    await self._check_raise_for_error(cell, cell_index, exec_reply)
  File "C:\Users\LENOVO\.pyenv\pyenv-win\versions\3.12.10\Lib\site-packages\nbclient\client.py", line 918, in _check_raise_for_error
    raise CellExecutionError.from_cell_and_msg(cell, exec_reply_content)
nbclient.exceptions.CellExecutionError: An error occurred while executing the following cell:
------------------
import pandas as pd
import seaborn as sns
import matplotlib.pyplot as plt
from sklearn.preprocessing import StandardScaler
from sklearn.decomposition import PCA
from sklearn.cluster import KMeans

# 1. Memuat Data
df = pd.read_csv('ekstraksi_fitur_co.csv')
identitas = df[['id', 'nama', 'daerah']]
fitur = df.drop(['id', 'nama', 'daerah'], axis=1)

# 2. Standardisasi & PCA
scaler = StandardScaler()
fitur_pca = PCA(n_components=37).fit_transform(scaler.fit_transform(fitur))

# 3. K-Means (K=4)
kmeans = KMeans(n_clusters=4, random_state=42, n_init=10)
clusters = kmeans.fit_predict(fitur_pca)

df_hasil = identitas.copy()
df_hasil['Cluster'] = clusters

# 4. Visualisasi Scatter Plot
plt.figure(figsize=(15, 7))
sns.scatterplot(x=df_hasil['daerah'], y=df_hasil['Cluster'], hue=df_hasil['Cluster'], palette='tab10', s=100)
plt.title('Scatter Plot Persebaran Daerah per Cluster (CO)')
plt.xlabel('Nama Daerah')
plt.ylabel('Cluster')
plt.xticks(rotation=90)
plt.legend(title='Cluster')
plt.grid(True)
plt.show()

# 5. Menampilkan profil klaster berdasarkan daerah (Top 3 per klaster)
profil_daerah = df_hasil.groupby(['Cluster', 'daerah']).size().reset_index(name='Jumlah')
top_3_per_cluster = profil_daerah.sort_values(by=['Cluster', 'Jumlah'], ascending=[True, False]).groupby('Cluster').head(3)
print(top_3_per_cluster)
------------------


[31m---------------------------------------------------------------------------[39m
[31mModuleNotFoundError[39m                       Traceback (most recent call last)
[36mCell[39m[36m [39m[32mIn[4][39m[32m, line 2[39m
[32m      1[39m [38;5;28;01mimport[39;00m[38;5;250m [39m[34;01mpandas[39;00m[38;5;250m [39m[38;5;28;01mas[39;00m[38;5;250m [39m[34;01mpd[39;00m
[32m----> [39m[32m2[39m [38;5;28;01mimport[39;00m[38;5;250m [39m[34;01mseaborn[39;00m[38;5;250m [39m[38;5;28;01mas[39;00m[38;5;250m [39m[34;01msns[39;00m
[32m      3[39m [38;5;28;01mimport[39;00m[38;5;250m [39m[34;01mmatplotlib[39;00m[34;01m.[39;00m[34;01mpyplot[39;00m[38;5;250m [39m[38;5;28;01mas[39;00m[38;5;250m [39m[34;01mplt[39;00m
[32m      4[39m [38;5;28;01mfrom[39;00m[38;5;250m [39m[34;01msklearn[39;00m[34;01m.[39;00m[34;01mpreprocessing[39;00m[38;5;250m [39m[38;5;28;01mimport[39;00m StandardScaler

[31mModuleNotFoundError[39m: No module named 'seaborn'

